---
source: crates/compiler/zo-tokenizer/tests/snapshots.rs
expression: tokenization
---
tokens:
  kinds:
    - Pack
    - Ident
    - Semicolon
    - Load
    - Ident
    - ColonColon
    - Ident
    - ColonColon
    - LParen
    - Ident
    - Comma
    - Ident
    - RParen
    - Semicolon
    - Load
    - Ident
    - Semicolon
    - Struct
    - Ident
    - LBrace
    - Ident
    - Colon
    - F32Type
    - Comma
    - Ident
    - Colon
    - F32Type
    - Comma
    - RBrace
    - Pub
    - Fun
    - Ident
    - LParen
    - Ident
    - Colon
    - Ident
    - Comma
    - Ident
    - Colon
    - Ident
    - RParen
    - Arrow
    - F32Type
    - LBrace
    - Imu
    - Ident
    - ColonEq
    - Ident
    - Dot
    - Ident
    - Minus
    - Ident
    - Dot
    - Ident
    - Semicolon
    - Imu
    - Ident
    - ColonEq
    - Ident
    - Dot
    - Ident
    - Minus
    - Ident
    - Dot
    - Ident
    - Semicolon
    - LParen
    - Ident
    - Star
    - Ident
    - Plus
    - Ident
    - Star
    - Ident
    - RParen
    - As
    - F32Type
    - RBrace
    - Eof
  starts:
    - 5
    - 10
    - 14
    - 21
    - 26
    - 29
    - 31
    - 33
    - 35
    - 36
    - 40
    - 42
    - 48
    - 49
    - 55
    - 60
    - 64
    - 71
    - 78
    - 84
    - 92
    - 93
    - 95
    - 98
    - 106
    - 107
    - 109
    - 112
    - 118
    - 125
    - 129
    - 133
    - 141
    - 142
    - 144
    - 146
    - 151
    - 153
    - 155
    - 157
    - 162
    - 164
    - 167
    - 171
    - 179
    - 183
    - 186
    - 189
    - 191
    - 192
    - 194
    - 196
    - 198
    - 199
    - 200
    - 208
    - 212
    - 215
    - 218
    - 220
    - 221
    - 223
    - 225
    - 227
    - 228
    - 229
    - 238
    - 239
    - 242
    - 244
    - 247
    - 249
    - 252
    - 254
    - 256
    - 258
    - 261
    - 269
    - 273
  lengths:
    - 4
    - 4
    - 1
    - 4
    - 3
    - 2
    - 2
    - 2
    - 1
    - 4
    - 1
    - 6
    - 1
    - 1
    - 4
    - 4
    - 1
    - 6
    - 5
    - 1
    - 1
    - 1
    - 3
    - 1
    - 1
    - 1
    - 3
    - 1
    - 1
    - 3
    - 3
    - 8
    - 1
    - 2
    - 1
    - 5
    - 1
    - 2
    - 1
    - 5
    - 1
    - 2
    - 3
    - 1
    - 3
    - 2
    - 2
    - 2
    - 1
    - 1
    - 1
    - 2
    - 1
    - 1
    - 1
    - 3
    - 2
    - 2
    - 2
    - 1
    - 1
    - 1
    - 2
    - 1
    - 1
    - 1
    - 1
    - 2
    - 1
    - 2
    - 1
    - 2
    - 1
    - 2
    - 1
    - 2
    - 3
    - 1
    - 0
  literal_indices:
    - 0
    - 0
    - 0
    - 0
    - 1
    - 0
    - 2
    - 0
    - 0
    - 3
    - 0
    - 4
    - 0
    - 0
    - 0
    - 5
    - 0
    - 0
    - 6
    - 0
    - 7
    - 0
    - 0
    - 0
    - 8
    - 0
    - 0
    - 0
    - 0
    - 0
    - 0
    - 9
    - 0
    - 10
    - 0
    - 11
    - 0
    - 12
    - 0
    - 13
    - 0
    - 0
    - 0
    - 0
    - 0
    - 14
    - 0
    - 15
    - 0
    - 16
    - 0
    - 17
    - 0
    - 18
    - 0
    - 0
    - 19
    - 0
    - 20
    - 0
    - 21
    - 0
    - 22
    - 0
    - 23
    - 0
    - 0
    - 24
    - 0
    - 25
    - 0
    - 26
    - 0
    - 27
    - 0
    - 0
    - 0
    - 0
    - 0
literals:
  int_literals: []
  float_literals: []
  identifiers:
    - 25
    - 26
    - 27
    - 28
    - 29
    - 30
    - 31
    - 32
    - 33
    - 34
    - 35
    - 31
    - 36
    - 31
    - 37
    - 35
    - 32
    - 36
    - 32
    - 38
    - 35
    - 33
    - 36
    - 33
    - 37
    - 37
    - 38
    - 38
  bytes_literals: []
  char_literals: []
  string_literals: []
interner:
  storage: _funmutimuifelsewhileforreturnbreakcontinuematchwhenasistruefalseSelfselfstructenumtypepubvalmainstdioreadreadlnmathPointxydistancep1p2dxdy
  spans:
    - - 0
      - 0
    - - 0
      - 1
    - - 1
      - 3
    - - 4
      - 3
    - - 7
      - 3
    - - 10
      - 2
    - - 12
      - 4
    - - 16
      - 5
    - - 21
      - 3
    - - 24
      - 6
    - - 30
      - 5
    - - 35
      - 8
    - - 43
      - 5
    - - 48
      - 4
    - - 52
      - 2
    - - 54
      - 2
    - - 56
      - 4
    - - 60
      - 5
    - - 65
      - 4
    - - 69
      - 4
    - - 73
      - 6
    - - 79
      - 4
    - - 83
      - 4
    - - 87
      - 3
    - - 90
      - 3
    - - 93
      - 4
    - - 97
      - 3
    - - 100
      - 2
    - - 102
      - 4
    - - 106
      - 6
    - - 112
      - 4
    - - 116
      - 5
    - - 121
      - 1
    - - 122
      - 1
    - - 123
      - 8
    - - 131
      - 2
    - - 133
      - 2
    - - 135
      - 2
    - - 137
      - 2
source_len: 273
